(1708736311.263831) can0 130#45FFFDFFFF
(1708736311.363824) can0 130#45FFFDFFFF
(1708736311.463855) can0 130#45FFFDFFFF
(1708736311.563853) can0 130#45FFFDFFFF
(1708736311.663835) can0 130#45FFFDFFFF
(1708736311.763862) can0 130#45FFFDFFFF
(1708736311.863859) can0 130#45FFFDFFFF
(1708736311.963845) can0 130#45FFFDFFFF
(1708736312.063859) can0 130#45FFFDFFFF
(1708736312.163864) can0 130#45FFFDFFFF
(1708736312.263842) can0 130#45FFFDFFFF
(1708736312.363888) can0 130#45FFFDFFFF
(1708736312.463856) can0 130#45FFFDFFFF
(1708736312.563879) can0 130#45FFFDFFFF
(1708736312.663852) can0 130#45FFFDFFFF
(1708736312.763887) can0 130#45FFFDFFFF
(1708736312.863863) can0 130#45FFFDFFFF
(1708736312.963892) can0 130#45FFFDFFFF
(1708736313.063871) can0 130#45FFFDFFFF
(1708736313.163885) can0 130#45FFFDFFFF
(1708736313.263886) can0 130#45FFFDFFFF
(1708736313.363898) can0 130#45FFFDFFFF
(1708736313.463876) can0 130#45FFFDFFFF
(1708736313.563905) can0 130#45FFFDFFFF
(1708736313.663876) can0 130#45FFFDFFFF
(1708736313.763890) can0 130#45FFFDFFFF
(1708736313.863891) can0 130#45FFFDFFFF
(1708736313.963872) can0 130#45FFFDFFFF
(1708736314.063892) can0 130#45FFFDFFFF
(1708736314.163924) can0 130#45FFFDFFFF
(1708736314.263892) can0 130#45FFFDFFFF
(1708736314.363894) can0 130#45FFFDFFFF
(1708736314.463905) can0 130#45FFFDFFFF
(1708736314.563921) can0 130#45FFFDFFFF
(1708736314.663893) can0 130#45FFFDFFFF
(1708736314.763925) can0 130#45FFFDFFFF
(1708736314.863911) can0 130#45FFFDFFFF
(1708736314.963928) can0 130#45FFFDFFFF
(1708736315.011192) can0 6F1#12032CF004000000
(1708736315.015143) can0 612#F1026CF0FFFFFFFF
(1708736315.050370) can0 6F1#12100E2CF0020101
(1708736315.051094) can0 612#F1300000FFFFFFFF
(1708736315.051795) can0 6F1#1221580C01020201
(1708736315.052205) can0 6F1#1222440201000000
(1708736315.063936) can0 130#45FFFDFFFF
(1708736315.065216) can0 612#F1026CF0FFFFFFFF
(1708736315.098562) can0 6F1#120221F000000000
(1708736315.105211) can0 612#F10461F00046FFFF
(1708736315.148475) can0 6F1#120221F000000000
(1708736315.155225) can0 612#F10461F00046FFFF
(1708736315.163948) can0 130#45FFFDFFFF
(1708736315.198812) can0 6F1#120221F000000000
(1708736315.205202) can0 612#F10461F00046FFFF
(1708736315.263907) can0 130#45FFFDFFFF
(1708736315.363956) can0 130#45FFFDFFFF
(1708736315.387432) can0 6F1#120221F000000000
(1708736315.395172) can0 612#F10461F00046FFFF
(1708736315.446164) can0 6F1#120221F000000000
(1708736315.455169) can0 612#F10461F00046FFFF
(1708736315.463934) can0 130#45FFFDFFFF
(1708736315.495924) can0 6F1#120221F000000000
(1708736315.505208) can0 612#F10461F00046FFFF
(1708736315.546500) can0 6F1#120221F000000000
(1708736315.555179) can0 612#F10461F00046FFFF
(1708736315.563944) can0 130#45FFFDFFFF
(1708736315.596534) can0 6F1#120221F000000000
(1708736315.605179) can0 612#F10461F00046FFFF
(1708736315.646615) can0 6F1#120221F000000000
(1708736315.655184) can0 612#F10461F00046FFFF
(1708736315.663950) can0 130#45FFFDFFFF
(1708736315.696485) can0 6F1#120221F000000000
(1708736315.705202) can0 612#F10461F00046FFFF
(1708736315.746530) can0 6F1#120221F000000000
(1708736315.755190) can0 612#F10461F00046FFFF
(1708736315.763956) can0 130#45FFFDFFFF
(1708736315.795970) can0 6F1#120221F000000000
(1708736315.805209) can0 612#F10461F00046FFFF
(1708736315.846029) can0 6F1#120221F000000000
(1708736315.855189) can0 612#F10461F00046FFFF
(1708736315.863938) can0 130#45FFFDFFFF
(1708736315.895015) can0 6F1#120221F000000000
(1708736315.905164) can0 612#F10461F00046FFFF
(1708736315.945795) can0 6F1#120221F000000000
(1708736315.955173) can0 612#F10461F00046FFFF
(1708736315.963962) can0 130#45FFFDFFFF
(1708736315.995784) can0 6F1#120221F000000000
(1708736316.005185) can0 612#F10461F00046FFFF
(1708736316.045548) can0 6F1#120221F000000000
(1708736316.055180) can0 612#F10461F00046FFFF
(1708736316.063946) can0 130#45FFFDFFFF
(1708736316.095578) can0 6F1#120221F000000000
(1708736316.105218) can0 612#F10461F00046FFFF
(1708736316.145278) can0 6F1#120221F000000000
(1708736316.155224) can0 612#F10461F00046FFFF
(1708736316.163965) can0 130#45FFFDFFFF
(1708736316.195089) can0 6F1#120221F000000000
(1708736316.205237) can0 612#F10461F00046FFFF
(1708736316.244512) can0 6F1#120221F000000000
(1708736316.255193) can0 612#F10461F00046FFFF
(1708736316.263974) can0 130#45FFFDFFFF
(1708736316.294565) can0 6F1#120221F000000000
(1708736316.305220) can0 612#F10461F00046FFFF
(1708736316.345145) can0 6F1#120221F000000000
(1708736316.355211) can0 612#F10461F00046FFFF
(1708736316.363973) can0 130#45FFFDFFFF
(1708736316.394807) can0 6F1#120221F000000000
(1708736316.405222) can0 612#F10461F00046FFFF
(1708736316.444508) can0 6F1#120221F000000000
(1708736316.455204) can0 612#F10461F00046FFFF
(1708736316.463955) can0 130#45FFFDFFFF
(1708736316.494128) can0 6F1#120221F000000000
(1708736316.505226) can0 612#F10461F00046FFFF
(1708736316.544568) can0 6F1#120221F000000000
(1708736316.555213) can0 612#F10461F00046FFFF
(1708736316.563983) can0 130#45FFFDFFFF
(1708736316.593987) can0 6F1#120221F000000000
(1708736316.605215) can0 612#F10461F00046FFFF
(1708736316.643487) can0 6F1#120221F000000000
(1708736316.655200) can0 612#F10461F00046FFFF
(1708736316.663957) can0 130#45FFFDFFFF
(1708736316.693891) can0 6F1#120221F000000000
(1708736316.705146) can0 612#F10461F00046FFFF
(1708736316.743061) can0 6F1#120221F000000000
(1708736316.755187) can0 612#F10461F00046FFFF
(1708736316.763938) can0 130#45FFFDFFFF
(1708736316.793294) can0 6F1#120221F000000000
(1708736316.805205) can0 612#F10461F00046FFFF
(1708736316.842917) can0 6F1#120221F000000000
(1708736316.845172) can0 612#F10461F00046FFFF
(1708736316.863967) can0 130#45FFFDFFFF
(1708736316.893030) can0 6F1#120221F000000000
(1708736316.905193) can0 612#F10461F00046FFFF
(1708736316.943282) can0 6F1#120221F000000000
(1708736316.955196) can0 612#F10461F00046FFFF
(1708736316.963985) can0 130#45FFFDFFFF
(1708736316.992646) can0 6F1#120221F000000000
(1708736316.995181) can0 612#F10461F00046FFFF
(1708736317.042166) can0 6F1#120221F000000000
(1708736317.045202) can0 612#F10461F00046FFFF
(1708736317.063968) can0 130#45FFFDFFFF
(1708736317.092632) can0 6F1#120221F000000000
(1708736317.095176) can0 612#F10461F00046FFFF
(1708736317.142465) can0 6F1#120221F000000000
(1708736317.145179) can0 612#F10461F00046FFFF
(1708736317.163998) can0 130#45FFFDFFFF
(1708736317.192520) can0 6F1#120221F000000000
(1708736317.195170) can0 612#F10461F00046FFFF
(1708736317.242269) can0 6F1#120221F000000000
(1708736317.245154) can0 612#F10461F00046FFFF
(1708736317.263952) can0 130#45FFFDFFFF
(1708736317.292280) can0 6F1#120221F000000000
(1708736317.295188) can0 612#F10461F00046FFFF
(1708736317.342588) can0 6F1#120221F000000000
(1708736317.345190) can0 612#F10461F00046FFFF
(1708736317.363998) can0 130#45FFFDFFFF
(1708736317.391545) can0 6F1#120221F000000000
(1708736317.395198) can0 612#F10461F00046FFFF
(1708736317.442954) can0 6F1#120221F000000000
(1708736317.455209) can0 612#F10461F00046FFFF
(1708736317.463987) can0 130#45FFFDFFFF
(1708736317.492307) can0 6F1#120221F000000000
(1708736317.495188) can0 612#F10461F00046FFFF
(1708736317.541551) can0 6F1#120221F000000000
(1708736317.545189) can0 612#F10461F00046FFFF
(1708736317.563985) can0 130#45FFFDFFFF
(1708736317.663981) can0 130#45FFFDFFFF
(1708736317.666868) can0 6F1#120221F000000000
(1708736317.675184) can0 612#F10461F00046FFFF
(1708736317.741473) can0 6F1#120221F000000000
(1708736317.745258) can0 612#F10461F00046FFFF
(1708736317.763971) can0 130#45FFFDFFFF
(1708736317.791266) can0 6F1#120221F000000000
(1708736317.805275) can0 612#F10461F00046FFFF
(1708736317.840649) can0 6F1#120221F000000000
(1708736317.845209) can0 612#F10461F00046FFFF
(1708736317.863984) can0 130#45FFFDFFFF
(1708736317.890886) can0 6F1#120221F000000000
(1708736317.895239) can0 612#F10461F00046FFFF
(1708736317.940727) can0 6F1#120221F000000000
(1708736317.945207) can0 612#F10461F00046FFFF
(1708736317.964003) can0 130#45FFFDFFFF
(1708736317.990739) can0 6F1#120221F000000000
(1708736317.995239) can0 612#F10461F00046FFFF
(1708736318.040451) can0 6F1#120221F000000000
(1708736318.045178) can0 612#F10461F00046FFFF
(1708736318.063992) can0 130#45FFFDFFFF
(1708736318.090816) can0 6F1#120221F000000000
(1708736318.095198) can0 612#F10461F00046FFFF
(1708736318.140000) can0 6F1#120221F000000000
(1708736318.145262) can0 612#F10461F00046FFFF
(1708736318.164016) can0 130#45FFFDFFFF
(1708736318.190358) can0 6F1#120221F000000000
(1708736318.195224) can0 612#F10461F00046FFFF
(1708736318.256985) can0 6F1#120221F000000000
(1708736318.263984) can0 130#45FFFDFFFF
(1708736318.265248) can0 612#F10461F00046FFFF
(1708736318.293142) can0 6F1#120221F000000000
(1708736318.305245) can0 612#F10461F00046FFFF
(1708736318.340027) can0 6F1#120221F000000000
(1708736318.345175) can0 612#F10461F00046FFFF
(1708736318.364009) can0 130#45FFFDFFFF
(1708736318.389858) can0 6F1#120221F000000000
(1708736318.395217) can0 612#F10461F00046FFFF
(1708736318.439393) can0 6F1#120221F000000000
(1708736318.445211) can0 612#F10461F00046FFFF
(1708736318.464006) can0 130#45FFFDFFFF
(1708736318.489669) can0 6F1#120221F000000000
(1708736318.495257) can0 612#F10461F00046FFFF
(1708736318.539207) can0 6F1#120221F000000000
(1708736318.545225) can0 612#F10461F00046FFFF
(1708736318.563995) can0 130#45FFFDFFFF
(1708736318.589338) can0 6F1#120221F000000000
(1708736318.595229) can0 612#F10461F00046FFFF
(1708736318.639296) can0 6F1#120221F000000000
(1708736318.645213) can0 612#F10461F00046FFFF
(1708736318.664011) can0 130#45FFFDFFFF
(1708736318.689584) can0 6F1#120221F000000000
(1708736318.695216) can0 612#F10461F00046FFFF
(1708736318.739524) can0 6F1#120221F000000000
(1708736318.745218) can0 612#F10461F00046FFFF
(1708736318.764029) can0 130#45FFFDFFFF
(1708736318.788866) can0 6F1#120221F000000000
(1708736318.795268) can0 612#F10461F00046FFFF
(1708736318.838929) can0 6F1#120221F000000000
(1708736318.845217) can0 612#F10461F00046FFFF
(1708736318.864031) can0 130#45FFFDFFFF
(1708736318.889426) can0 6F1#120221F000000000
(1708736318.895278) can0 612#F10461F00046FFFF
(1708736318.938798) can0 6F1#120221F000000000
(1708736318.945233) can0 612#F10461F00046FFFF
(1708736318.964042) can0 130#45FFFDFFFF
(1708736318.988193) can0 6F1#120221F000000000
(1708736318.995238) can0 612#F10461F00046FFFF
(1708736319.037678) can0 6F1#120221F000000000
(1708736319.045237) can0 612#F10461F00046FFFF
(1708736319.063977) can0 130#45FFFDFFFF
(1708736319.088561) can0 6F1#120221F000000000
(1708736319.095288) can0 612#F10461F00046FFFF
(1708736319.138006) can0 6F1#120221F000000000
(1708736319.145254) can0 612#F10461F00046FFFF
(1708736319.164032) can0 130#45FFFDFFFF
(1708736319.187810) can0 6F1#120221F000000000
(1708736319.195287) can0 612#F10461F00046FFFF
(1708736319.238023) can0 6F1#120221F000000000
(1708736319.245232) can0 612#F10461F00046FFFF
(1708736319.264021) can0 130#45FFFDFFFF
(1708736319.287502) can0 6F1#120221F000000000
(1708736319.295230) can0 612#F10461F00046FFFF
(1708736319.337741) can0 6F1#120221F000000000
(1708736319.345299) can0 612#F10461F00046FFFF
(1708736319.364015) can0 130#45FFFDFFFF
(1708736319.387594) can0 6F1#120221F000000000
(1708736319.395243) can0 612#F10461F00046FFFF
(1708736319.437855) can0 6F1#120221F000000000
(1708736319.445262) can0 612#F10461F00046FFFF
(1708736319.464028) can0 130#45FFFDFFFF
(1708736319.486765) can0 6F1#120221F000000000
(1708736319.495243) can0 612#F10461F00046FFFF
(1708736319.537396) can0 6F1#120221F000000000
(1708736319.545261) can0 612#F10461F00046FFFF
(1708736319.564040) can0 130#45FFFDFFFF
(1708736319.587504) can0 6F1#120221F000000000
(1708736319.595224) can0 612#F10461F00046FFFF
(1708736319.637196) can0 6F1#120221F000000000
(1708736319.645242) can0 612#F10461F00046FFFF
(1708736319.664027) can0 130#45FFFDFFFF
(1708736319.686647) can0 6F1#120221F000000000
(1708736319.695261) can0 612#F10461F00046FFFF
(1708736319.736484) can0 6F1#120221F000000000
(1708736319.745259) can0 612#F10461F00046FFFF
(1708736319.764071) can0 130#45FFFDFFFF
(1708736319.856571) can0 6F1#120221F000000000
(1708736319.864029) can0 130#45FFFDFFFF
(1708736319.865462) can0 612#F10461F00046FFFF
(1708736319.936476) can0 6F1#120221F000000000
(1708736319.945264) can0 612#F10461F00046FFFF
(1708736319.964056) can0 130#45FFFDFFFF
(1708736319.985946) can0 6F1#120221F000000000
(1708736319.995289) can0 612#F10461F00046FFFF
(1708736320.036701) can0 6F1#120221F000000000
(1708736320.045232) can0 612#F10461F00046FFFF
(1708736320.064041) can0 130#45FFFDFFFF
(1708736320.086028) can0 6F1#120221F000000000
(1708736320.095257) can0 612#F10461F00046FFFF
(1708736320.136023) can0 6F1#120221F000000000
(1708736320.145271) can0 612#F10461F00046FFFF
(1708736320.164045) can0 130#45FFFDFFFF
(1708736320.185834) can0 6F1#120221F000000000
(1708736320.195233) can0 612#F10461F00046FFFF
(1708736320.235319) can0 6F1#120221F000000000
(1708736320.245247) can0 612#F10461F00046FFFF
(1708736320.264016) can0 130#45FFFDFFFF
(1708736320.285550) can0 6F1#120221F000000000
(1708736320.295280) can0 612#F10461F00046FFFF
(1708736320.335151) can0 6F1#120221F000000000
(1708736320.345263) can0 612#F10461F00046FFFF
(1708736320.364039) can0 130#45FFFDFFFF
(1708736320.385142) can0 6F1#120221F000000000
(1708736320.395313) can0 612#F10461F00046FFFF
(1708736320.435324) can0 6F1#120221F000000000
(1708736320.445256) can0 612#F10461F00046FFFF
(1708736320.464043) can0 130#45FFFDFFFF
(1708736320.484556) can0 6F1#120221F000000000
(1708736320.495285) can0 612#F10461F00046FFFF
(1708736320.535005) can0 6F1#120221F000000000
(1708736320.545299) can0 612#F10461F00046FFFF
(1708736320.564048) can0 130#45FFFDFFFF
(1708736320.584662) can0 6F1#120221F000000000
(1708736320.595269) can0 612#F10461F00046FFFF
(1708736320.634530) can0 6F1#120221F000000000
(1708736320.645269) can0 612#F10461F00046FFFF
(1708736320.664024) can0 130#45FFFDFFFF
(1708736320.684604) can0 6F1#120221F000000000
(1708736320.695297) can0 612#F10461F00046FFFF
(1708736320.734399) can0 6F1#120221F000000000
(1708736320.745340) can0 612#F10461F00046FFFF
(1708736320.764062) can0 130#45FFFDFFFF
(1708736320.784643) can0 6F1#120221F000000000
(1708736320.795282) can0 612#F10461F00046FFFF
(1708736320.833568) can0 6F1#120221F000000000
(1708736320.845299) can0 612#F10461F00046FFFF
(1708736320.864032) can0 130#45FFFDFFFF
(1708736320.883648) can0 6F1#120221F000000000
(1708736320.895324) can0 612#F10461F00046FFFF
(1708736320.933718) can0 6F1#120221F000000000
(1708736320.945321) can0 612#F10461F00046FFFF
(1708736320.964071) can0 130#45FFFDFFFF
(1708736320.983637) can0 6F1#120221F000000000
(1708736320.995298) can0 612#F10461F00046FFFF
(1708736321.033679) can0 6F1#120221F000000000
(1708736321.045302) can0 612#F10461F00046FFFF
(1708736321.064058) can0 130#45FFFDFFFF
(1708736321.083937) can0 6F1#120221F000000000
(1708736321.095280) can0 612#F10461F00046FFFF
(1708736321.133773) can0 6F1#120221F000000000
(1708736321.145319) can0 612#F10461F00046FFFF
(1708736321.164090) can0 130#45FFFDFFFF
(1708736321.184027) can0 6F1#120221F000000000
(1708736321.195312) can0 612#F10461F00046FFFF
(1708736321.233352) can0 6F1#120221F000000000
(1708736321.245278) can0 612#F10461F00046FFFF
(1708736321.264035) can0 130#45FFFDFFFF
(1708736321.283683) can0 6F1#120221F000000000
(1708736321.295304) can0 612#F10461F00046FFFF
(1708736321.332945) can0 6F1#120221F000000000
(1708736321.345332) can0 612#F10461F00046FFFF
(1708736321.364068) can0 130#45FFFDFFFF
(1708736321.382927) can0 6F1#120221F000000000
(1708736321.385239) can0 612#F10461F00046FFFF
(1708736321.433318) can0 6F1#120221F000000000
(1708736321.445296) can0 612#F10461F00046FFFF
(1708736321.464060) can0 130#45FFFDFFFF
(1708736321.482395) can0 6F1#120221F000000000
(1708736321.485272) can0 612#F10461F00046FFFF
(1708736321.531811) can0 6F1#120221F000000000
(1708736321.545357) can0 612#F10461F00046FFFF
(1708736321.564060) can0 130#45FFFDFFFF
(1708736321.582766) can0 6F1#120221F000000000
(1708736321.585280) can0 612#F10461F00046FFFF
(1708736321.632304) can0 6F1#120221F000000000
(1708736321.645289) can0 612#F10461F00046FFFF
(1708736321.664068) can0 130#45FFFDFFFF
(1708736321.682243) can0 6F1#120221F000000000
(1708736321.685270) can0 612#F10461F00046FFFF
(1708736321.731844) can0 6F1#120221F000000000
(1708736321.745321) can0 612#F10461F00046FFFF
(1708736321.764051) can0 130#45FFFDFFFF
(1708736321.781968) can0 6F1#120221F000000000
(1708736321.785274) can0 612#F10461F00046FFFF
(1708736321.832769) can0 6F1#120221F000000000
(1708736321.845270) can0 612#F10461F00046FFFF
(1708736321.864056) can0 130#45FFFDFFFF
(1708736321.881987) can0 6F1#120221F000000000
(1708736321.885313) can0 612#F10461F00046FFFF
(1708736321.930977) can0 6F1#120221F000000000
(1708736321.935298) can0 612#F10461F00046FFFF
(1708736321.964070) can0 130#45FFFDFFFF
(1708736321.981622) can0 6F1#120221F000000000
(1708736321.985280) can0 612#F10461F00046FFFF
(1708736322.030805) can0 6F1#120221F000000000
(1708736322.035290) can0 612#F10461F00046FFFF
(1708736322.064082) can0 130#45FFFDFFFF
(1708736322.164073) can0 130#45FFFDFFFF
(1708736322.168801) can0 6F1#120221F000000000
(1708736322.177319) can0 612#F10461F00046FFFF
(1708736322.231306) can0 6F1#120221F000000000
(1708736322.245296) can0 612#F10461F00046FFFF
(1708736322.264075) can0 130#45FFFDFFFF
(1708736322.281085) can0 6F1#120221F000000000
(1708736322.285246) can0 612#F10461F00046FFFF
(1708736322.330014) can0 6F1#120221F000000000
(1708736322.335361) can0 612#F10461F00046FFFF
(1708736322.364046) can0 130#45FFFDFFFF
(1708736322.381070) can0 6F1#120221F000000000
(1708736322.385327) can0 612#F10461F00046FFFF
(1708736322.430851) can0 6F1#120221F000000000
(1708736322.437324) can0 612#F10461F00046FFFF
(1708736322.464100) can0 130#45FFFDFFFF
(1708736322.481199) can0 6F1#120221F000000000
(1708736322.485288) can0 612#F10461F00046FFFF
(1708736322.530581) can0 6F1#120221F000000000
(1708736322.535310) can0 612#F10461F00046FFFF
(1708736322.564127) can0 130#45FFFDFFFF
(1708736322.580056) can0 6F1#120221F000000000
(1708736322.585295) can0 612#F10461F00046FFFF
(1708736322.629820) can0 6F1#120221F000000000
(1708736322.635301) can0 612#F10461F00046FFFF
(1708736322.664100) can0 130#45FFFDFFFF
(1708736322.680613) can0 6F1#120221F000000000
(1708736322.685313) can0 612#F10461F00046FFFF
(1708736322.729850) can0 6F1#120221F000000000
(1708736322.737329) can0 612#F10461F00046FFFF
(1708736322.764100) can0 130#45FFFDFFFF
(1708736322.779822) can0 6F1#120221F000000000
(1708736322.785296) can0 612#F10461F00046FFFF
(1708736322.829778) can0 6F1#120221F000000000
(1708736322.835401) can0 612#F10461F00046FFFF
(1708736322.864123) can0 130#45FFFDFFFF
(1708736322.879588) can0 6F1#120221F000000000
(1708736322.885313) can0 612#F10461F00046FFFF
(1708736322.928747) can0 6F1#120221F000000000
(1708736322.935426) can0 612#F10461F00046FFFF
(1708736322.964127) can0 130#45FFFDFFFF
(1708736322.979387) can0 6F1#120221F000000000
(1708736322.985280) can0 612#F10461F00046FFFF
(1708736323.028714) can0 6F1#120221F000000000
(1708736323.035323) can0 612#F10461F00046FFFF
(1708736323.064106) can0 130#45FFFDFFFF
(1708736323.078542) can0 6F1#120221F000000000
(1708736323.085292) can0 612#F10461F00046FFFF
(1708736323.128562) can0 6F1#120221F000000000
(1708736323.135333) can0 612#F10461F00046FFFF
(1708736323.164113) can0 130#45FFFDFFFF
(1708736323.179683) can0 6F1#120221F000000000
(1708736323.185313) can0 612#F10461F00046FFFF
(1708736323.227933) can0 6F1#120221F000000000
(1708736323.235304) can0 612#F10461F00046FFFF
(1708736323.264095) can0 130#45FFFDFFFF
(1708736323.278569) can0 6F1#120221F000000000
(1708736323.285328) can0 612#F10461F00046FFFF
(1708736323.327965) can0 6F1#120221F000000000
(1708736323.337369) can0 612#F10461F00046FFFF
(1708736323.364125) can0 130#45FFFDFFFF
(1708736323.378539) can0 6F1#120221F000000000
(1708736323.385319) can0 612#F10461F00046FFFF
(1708736323.427602) can0 6F1#120221F000000000
(1708736323.435429) can0 612#F10461F00046FFFF
(1708736323.464096) can0 130#45FFFDFFFF
(1708736323.477955) can0 6F1#120221F000000000
(1708736323.485334) can0 612#F10461F00046FFFF
(1708736323.528424) can0 6F1#120221F000000000
(1708736323.537371) can0 612#F10461F00046FFFF
(1708736323.564140) can0 130#45FFFDFFFF
(1708736323.577666) can0 6F1#120221F000000000
(1708736323.585337) can0 612#F10461F00046FFFF
(1708736323.627740) can0 6F1#120221F000000000
(1708736323.637372) can0 612#F10461F00046FFFF
(1708736323.664100) can0 130#45FFFDFFFF
(1708736323.677546) can0 6F1#120221F000000000
(1708736323.685340) can0 612#F10461F00046FFFF
(1708736323.727408) can0 6F1#120221F000000000
(1708736323.737377) can0 612#F10461F00046FFFF
(1708736323.764156) can0 130#45FFFDFFFF
(1708736323.777751) can0 6F1#120221F000000000
(1708736323.785338) can0 612#F10461F00046FFFF
(1708736323.827567) can0 6F1#120221F000000000
(1708736323.837362) can0 612#F10461F00046FFFF
(1708736323.864127) can0 130#45FFFDFFFF
(1708736323.877923) can0 6F1#120221F000000000
(1708736323.885316) can0 612#F10461F00046FFFF
(1708736323.927025) can0 6F1#120221F000000000
(1708736323.937394) can0 612#F10461F00046FFFF
(1708736323.964152) can0 130#45FFFDFFFF
(1708736323.976761) can0 6F1#120221F000000000
(1708736323.985343) can0 612#F10461F00046FFFF
(1708736324.026691) can0 6F1#120221F000000000
(1708736324.037357) can0 612#F10461F00046FFFF
(1708736324.064132) can0 130#45FFFDFFFF
(1708736324.076557) can0 6F1#120221F000000000
(1708736324.085346) can0 612#F10461F00046FFFF
(1708736324.126764) can0 6F1#120221F000000000
(1708736324.137370) can0 612#F10461F00046FFFF
(1708736324.164112) can0 130#45FFFDFFFF
(1708736324.175868) can0 6F1#120221F000000000
(1708736324.185344) can0 612#F10461F00046FFFF
(1708736324.226661) can0 6F1#120221F000000000
(1708736324.237375) can0 612#F10461F00046FFFF
(1708736324.264106) can0 130#45FFFDFFFF
(1708736324.276377) can0 6F1#120221F000000000
(1708736324.285320) can0 612#F10461F00046FFFF
(1708736324.326826) can0 6F1#120221F000000000
(1708736324.337369) can0 612#F10461F00046FFFF
(1708736324.364133) can0 130#45FFFDFFFF
(1708736324.461883) can0 6F1#120221F000000000
(1708736324.464186) can0 130#45FFFDFFFF
(1708736324.465447) can0 612#F10461F00046FFFF
(1708736324.525164) can0 6F1#120221F000000000
(1708736324.537364) can0 612#F10461F00046FFFF
(1708736324.564153) can0 130#45FFFDFFFF
(1708736324.575695) can0 6F1#120221F000000000
(1708736324.585347) can0 612#F10461F00046FFFF
(1708736324.625341) can0 6F1#120221F000000000
(1708736324.637359) can0 612#F10461F00046FFFF
(1708736324.664098) can0 130#45FFFDFFFF
(1708736324.675892) can0 6F1#120221F000000000
(1708736324.685379) can0 612#F10461F00046FFFF
(1708736324.725072) can0 6F1#120221F000000000
(1708736324.737354) can0 612#F10461F00046FFFF
(1708736324.764160) can0 130#45FFFDFFFF
(1708736324.775061) can0 6F1#120221F000000000
(1708736324.785361) can0 612#F10461F00046FFFF
(1708736324.824672) can0 6F1#120221F000000000
(1708736324.837353) can0 612#F10461F00046FFFF
(1708736324.864141) can0 130#45FFFDFFFF
(1708736324.874399) can0 6F1#120221F000000000
(1708736324.885402) can0 612#F10461F00046FFFF
(1708736324.924698) can0 6F1#120221F000000000
(1708736324.937359) can0 612#F10461F00046FFFF
(1708736324.964165) can0 130#45FFFDFFFF
(1708736324.974363) can0 6F1#120221F000000000
(1708736324.985363) can0 612#F10461F00046FFFF
(1708736325.024700) can0 6F1#120221F000000000
(1708736325.037362) can0 612#F10461F00046FFFF
(1708736325.064144) can0 130#45FFFDFFFF
(1708736325.074674) can0 6F1#120221F000000000
(1708736325.085370) can0 612#F10461F00046FFFF
(1708736325.124160) can0 6F1#120221F000000000
(1708736325.137364) can0 612#F10461F00046FFFF
(1708736325.164165) can0 130#45FFFDFFFF
(1708736325.174130) can0 6F1#120221F000000000
(1708736325.185324) can0 612#F10461F00046FFFF
(1708736325.223835) can0 6F1#120221F000000000
(1708736325.237395) can0 612#F10461F00046FFFF
(1708736325.264142) can0 130#45FFFDFFFF
(1708736325.273862) can0 6F1#120221F000000000
(1708736325.285396) can0 612#F10461F00046FFFF
(1708736325.323553) can0 6F1#120221F000000000
(1708736325.337406) can0 612#F10461F00046FFFF
(1708736325.364156) can0 130#45FFFDFFFF
(1708736325.374001) can0 6F1#120221F000000000
(1708736325.385392) can0 612#F10461F00046FFFF
(1708736325.423706) can0 6F1#120221F000000000
(1708736325.437405) can0 612#F10461F00046FFFF
(1708736325.464135) can0 130#45FFFDFFFF
(1708736325.473868) can0 6F1#120221F000000000
(1708736325.485405) can0 612#F10461F00046FFFF
(1708736325.523611) can0 6F1#120221F000000000
(1708736325.537410) can0 612#F10461F00046FFFF
(1708736325.564163) can0 130#45FFFDFFFF
(1708736325.573745) can0 6F1#120221F000000000
(1708736325.585400) can0 612#F10461F00046FFFF
(1708736325.623038) can0 6F1#120221F000000000
(1708736325.625330) can0 612#F10461F00046FFFF
(1708736325.664140) can0 130#45FFFDFFFF
(1708736325.673137) can0 6F1#120221F000000000
(1708736325.685394) can0 612#F10461F00046FFFF
(1708736325.722983) can0 6F1#120221F000000000
(1708736325.725365) can0 612#F10461F00046FFFF
(1708736325.764169) can0 130#45FFFDFFFF
(1708736325.772370) can0 6F1#120221F000000000
(1708736325.785406) can0 612#F10461F00046FFFF
(1708736325.823264) can0 6F1#120221F000000000
(1708736325.837416) can0 612#F10461F00046FFFF
(1708736325.864154) can0 130#45FFFDFFFF
(1708736325.872547) can0 6F1#120221F000000000
(1708736325.885466) can0 612#F10461F00046FFFF
(1708736325.922221) can0 6F1#120221F000000000
(1708736325.925366) can0 612#F10461F00046FFFF
(1708736325.964158) can0 130#45FFFDFFFF
(1708736325.972214) can0 6F1#120221F000000000
(1708736325.985414) can0 612#F10461F00046FFFF
(1708736326.022029) can0 6F1#120221F000000000
(1708736326.025368) can0 612#F10461F00046FFFF
(1708736326.064158) can0 130#45FFFDFFFF
(1708736326.071891) can0 6F1#120221F000000000
(1708736326.085396) can0 612#F10461F00046FFFF
(1708736326.121544) can0 6F1#120221F000000000
(1708736326.125371) can0 612#F10461F00046FFFF
(1708736326.164189) can0 130#45FFFDFFFF
(1708736326.172348) can0 6F1#120221F000000000
(1708736326.185462) can0 612#F10461F00046FFFF
(1708736326.236351) can0 6F1#120221F000000000
(1708736326.245380) can0 612#F10461F00046FFFF
(1708736326.264163) can0 130#45FFFDFFFF
(1708736326.286670) can0 6F1#120221F000000000
(1708736326.295422) can0 612#F10461F00046FFFF
(1708736326.330988) can0 6F1#120221F000000000
(1708736326.337417) can0 612#F10461F00046FFFF
(1708736326.364172) can0 130#45FFFDFFFF
(1708736326.376683) can0 6F1#120221F000000000
(1708736326.385420) can0 612#F10461F00046FFFF
(1708736326.421704) can0 6F1#120221F000000000
(1708736326.425348) can0 612#F10461F00046FFFF
(1708736326.464156) can0 130#45FFFDFFFF
(1708736326.470659) can0 6F1#120221F000000000
(1708736326.477417) can0 612#F10461F00046FFFF
(1708736326.521015) can0 6F1#120221F000000000
(1708736326.525376) can0 612#F10461F00046FFFF
(1708736326.564184) can0 130#45FFFDFFFF
(1708736326.664158) can0 130#45FFFDFFFF
(1708736326.687688) can0 6F1#120221F000000000
(1708736326.695459) can0 612#F10461F00046FFFF
(1708736326.720233) can0 6F1#120221F000000000
(1708736326.725408) can0 612#F10461F00046FFFF
(1708736326.764215) can0 130#45FFFDFFFF
(1708736326.770431) can0 6F1#120221F000000000
(1708736326.777425) can0 612#F10461F00046FFFF
(1708736326.819954) can0 6F1#120221F000000000
(1708736326.825407) can0 612#F10461F00046FFFF
(1708736326.864190) can0 130#45FFFDFFFF
(1708736326.870105) can0 6F1#120221F000000000
(1708736326.877420) can0 612#F10461F00046FFFF
(1708736326.919993) can0 6F1#120221F000000000
(1708736326.925415) can0 612#F10461F00046FFFF
(1708736326.964178) can0 130#45FFFDFFFF
(1708736326.970410) can0 6F1#120221F000000000
(1708736326.977426) can0 612#F10461F00046FFFF
(1708736327.020517) can0 6F1#120221F000000000
(1708736327.025383) can0 612#F10461F00046FFFF
(1708736327.064186) can0 130#45FFFDFFFF
(1708736327.069394) can0 6F1#120221F000000000
(1708736327.077421) can0 612#F10461F00046FFFF
(1708736327.119988) can0 6F1#120221F000000000
(1708736327.125414) can0 612#F10461F00046FFFF
(1708736327.164190) can0 130#45FFFDFFFF
(1708736327.169725) can0 6F1#120221F000000000
(1708736327.177432) can0 612#F10461F00046FFFF
(1708736327.218951) can0 6F1#120221F000000000
(1708736327.225388) can0 612#F10461F00046FFFF
(1708736327.264157) can0 130#45FFFDFFFF
(1708736327.269589) can0 6F1#120221F000000000
(1708736327.277431) can0 612#F10461F00046FFFF
(1708736327.319673) can0 6F1#120221F000000000
(1708736327.325402) can0 612#F10461F00046FFFF
(1708736327.364225) can0 130#45FFFDFFFF
(1708736327.368555) can0 6F1#120221F000000000
(1708736327.377423) can0 612#F10461F00046FFFF
(1708736327.418794) can0 6F1#120221F000000000
(1708736327.425400) can0 612#F10461F00046FFFF
(1708736327.464177) can0 130#45FFFDFFFF
(1708736327.469134) can0 6F1#120221F000000000
(1708736327.477434) can0 612#F10461F00046FFFF
(1708736327.518617) can0 6F1#120221F000000000
(1708736327.525400) can0 612#F10461F00046FFFF
(1708736327.564216) can0 130#45FFFDFFFF
(1708736327.568355) can0 6F1#120221F000000000
(1708736327.577425) can0 612#F10461F00046FFFF
(1708736327.618728) can0 6F1#120221F000000000
(1708736327.625398) can0 612#F10461F00046FFFF
(1708736327.664201) can0 130#45FFFDFFFF
(1708736327.668720) can0 6F1#120221F000000000
(1708736327.677429) can0 612#F10461F00046FFFF
(1708736327.718144) can0 6F1#120221F000000000
(1708736327.725455) can0 612#F10461F00046FFFF
(1708736327.764204) can0 130#45FFFDFFFF
(1708736327.768029) can0 6F1#120221F000000000
(1708736327.777436) can0 612#F10461F00046FFFF
(1708736327.818172) can0 6F1#120221F000000000
(1708736327.825397) can0 612#F10461F00046FFFF
(1708736327.864186) can0 130#45FFFDFFFF
(1708736327.869598) can0 6F1#120221F000000000
(1708736327.877394) can0 612#F10461F00046FFFF
(1708736327.917596) can0 6F1#120221F000000000
(1708736327.925385) can0 612#F10461F00046FFFF
(1708736327.964160) can0 130#45FFFDFFFF
(1708736328.064170) can0 130#45FFFDFFFF
(1708736328.164210) can0 130#45FFFDFFFF
(1708736328.264189) can0 130#45FFFDFFFF
(1708736328.364214) can0 130#45FFFDFFFF
(1708736328.464196) can0 130#45FFFDFFFF
(1708736328.564227) can0 130#45FFFDFFFF
(1708736328.664206) can0 130#45FFFDFFFF
(1708736328.764230) can0 130#45FFFDFFFF
(1708736328.864219) can0 130#45FFFDFFFF
(1708736328.964236) can0 130#45FFFDFFFF
(1708736329.064238) can0 130#45FFFDFFFF
(1708736329.164245) can0 130#45FFFDFFFF
(1708736329.264203) can0 130#45FFFDFFFF
(1708736329.364229) can0 130#45FFFDFFFF
(1708736329.464223) can0 130#45FFFDFFFF
(1708736329.564246) can0 130#45FFFDFFFF
(1708736329.664228) can0 130#45FFFDFFFF
(1708736329.764249) can0 130#45FFFDFFFF
(1708736329.864253) can0 130#45FFFDFFFF
(1708736329.964253) can0 130#45FFFDFFFF
(1708736330.064241) can0 130#45FFFDFFFF
(1708736330.164265) can0 130#45FFFDFFFF
